// Jest Snapshot v1, https://jestjs.io/docs/snapshot-testing

exports[`StatusMessages renders correctly 1`] = `
<ConfigProvider
  value={
    StatusMessagesProxy {
      "setToaster": [Function],
      "toaster": null,
    }
  }
>
  <div />
  <ForwardRef(Toaster) />
</ConfigProvider>
`;
