// Jest Snapshot v1, https://jestjs.io/docs/snapshot-testing

exports[`ServerForm renders correctly 1`] = `
<Form
  action="/api/save"
  applyButton={false}
  cancelButton={false}
  errors={{}}
  onSubmit={[Function]}
  state={null}
/>
`;
