// Jest Snapshot v1, https://jestjs.io/docs/snapshot-testing

exports[`Page renders correctly 1`] = `
<Fragment>
  Page content
</Fragment>
`;
